Archive member included to satisfy reference by file (symbol)

/usr/bin/../lib/gcc/arm-none-eabi/7.3.1/thumb/v7-m/libgcc.a(_arm_addsubdf3.o)
                              main.o (__aeabi_dsub)
/usr/bin/../lib/gcc/arm-none-eabi/7.3.1/thumb/v7-m/libgcc.a(_arm_muldivdf3.o)
                              main.o (__aeabi_dmul)
/usr/bin/../lib/gcc/arm-none-eabi/7.3.1/thumb/v7-m/libgcc.a(_arm_fixdfsi.o)
                              main.o (__aeabi_d2iz)
/usr/bin/../lib/gcc/arm-none-eabi/7.3.1/thumb/v7-m/libgcc.a(_aeabi_ldivmod.o)
                              rtos.o (__aeabi_ldivmod)
/usr/bin/../lib/gcc/arm-none-eabi/7.3.1/thumb/v7-m/libgcc.a(_aeabi_uldivmod.o)
                              rtos.o (__aeabi_uldivmod)
/usr/bin/../lib/gcc/arm-none-eabi/7.3.1/thumb/v7-m/libgcc.a(_udivmoddi4.o)
                              /usr/bin/../lib/gcc/arm-none-eabi/7.3.1/thumb/v7-m/libgcc.a(_aeabi_ldivmod.o) (__udivmoddi4)
/usr/bin/../lib/gcc/arm-none-eabi/7.3.1/thumb/v7-m/libgcc.a(_dvmd_tls.o)
                              /usr/bin/../lib/gcc/arm-none-eabi/7.3.1/thumb/v7-m/libgcc.a(_aeabi_ldivmod.o) (__aeabi_ldiv0)
/usr/bin/../lib/gcc/arm-none-eabi/7.3.1/../../../../arm-none-eabi/lib/thumb/v7-m/libc.a(lib_a-malloc.o)
                              rtos.o (malloc)
/usr/bin/../lib/gcc/arm-none-eabi/7.3.1/../../../../arm-none-eabi/lib/thumb/v7-m/libc.a(lib_a-mallocr.o)
                              /usr/bin/../lib/gcc/arm-none-eabi/7.3.1/../../../../arm-none-eabi/lib/thumb/v7-m/libc.a(lib_a-malloc.o) (_malloc_r)
/usr/bin/../lib/gcc/arm-none-eabi/7.3.1/../../../../arm-none-eabi/lib/thumb/v7-m/libc.a(lib_a-memcpy.o)
                              main.o (memcpy)
/usr/bin/../lib/gcc/arm-none-eabi/7.3.1/../../../../arm-none-eabi/lib/thumb/v7-m/libc.a(lib_a-mlock.o)
                              /usr/bin/../lib/gcc/arm-none-eabi/7.3.1/../../../../arm-none-eabi/lib/thumb/v7-m/libc.a(lib_a-mallocr.o) (__malloc_lock)
/usr/bin/../lib/gcc/arm-none-eabi/7.3.1/../../../../arm-none-eabi/lib/thumb/v7-m/libc.a(lib_a-sbrkr.o)
                              /usr/bin/../lib/gcc/arm-none-eabi/7.3.1/../../../../arm-none-eabi/lib/thumb/v7-m/libc.a(lib_a-mallocr.o) (_sbrk_r)
/usr/bin/../lib/gcc/arm-none-eabi/7.3.1/../../../../arm-none-eabi/lib/thumb/v7-m/libc.a(lib_a-freer.o)
                              /usr/bin/../lib/gcc/arm-none-eabi/7.3.1/../../../../arm-none-eabi/lib/thumb/v7-m/libc.a(lib_a-malloc.o) (_free_r)
/usr/bin/../lib/gcc/arm-none-eabi/7.3.1/../../../../arm-none-eabi/lib/thumb/v7-m/libc.a(lib_a-impure.o)
                              /usr/bin/../lib/gcc/arm-none-eabi/7.3.1/../../../../arm-none-eabi/lib/thumb/v7-m/libc.a(lib_a-malloc.o) (_impure_ptr)
/usr/bin/../lib/gcc/arm-none-eabi/7.3.1/../../../../arm-none-eabi/lib/thumb/v7-m/libc.a(lib_a-lock.o)
                              /usr/bin/../lib/gcc/arm-none-eabi/7.3.1/../../../../arm-none-eabi/lib/thumb/v7-m/libc.a(lib_a-mlock.o) (__retarget_lock_acquire_recursive)
/usr/bin/../lib/gcc/arm-none-eabi/7.3.1/../../../../arm-none-eabi/lib/thumb/v7-m/libc.a(lib_a-reent.o)
                              /usr/bin/../lib/gcc/arm-none-eabi/7.3.1/../../../../arm-none-eabi/lib/thumb/v7-m/libc.a(lib_a-sbrkr.o) (errno)

Allocating common symbols
Common symbol       size              file

__lock___atexit_recursive_mutex
                    0x1               /usr/bin/../lib/gcc/arm-none-eabi/7.3.1/../../../../arm-none-eabi/lib/thumb/v7-m/libc.a(lib_a-lock.o)
__lock___arc4random_mutex
                    0x1               /usr/bin/../lib/gcc/arm-none-eabi/7.3.1/../../../../arm-none-eabi/lib/thumb/v7-m/libc.a(lib_a-lock.o)
errno               0x4               /usr/bin/../lib/gcc/arm-none-eabi/7.3.1/../../../../arm-none-eabi/lib/thumb/v7-m/libc.a(lib_a-reent.o)
__dso_handle        0x4               bmptk_cortex.o
__lock___env_recursive_mutex
                    0x1               /usr/bin/../lib/gcc/arm-none-eabi/7.3.1/../../../../arm-none-eabi/lib/thumb/v7-m/libc.a(lib_a-lock.o)
__lock___sinit_recursive_mutex
                    0x1               /usr/bin/../lib/gcc/arm-none-eabi/7.3.1/../../../../arm-none-eabi/lib/thumb/v7-m/libc.a(lib_a-lock.o)
__lock___malloc_recursive_mutex
                    0x1               /usr/bin/../lib/gcc/arm-none-eabi/7.3.1/../../../../arm-none-eabi/lib/thumb/v7-m/libc.a(lib_a-lock.o)
__lock___at_quick_exit_mutex
                    0x1               /usr/bin/../lib/gcc/arm-none-eabi/7.3.1/../../../../arm-none-eabi/lib/thumb/v7-m/libc.a(lib_a-lock.o)
__lock___dd_hash_mutex
                    0x1               /usr/bin/../lib/gcc/arm-none-eabi/7.3.1/../../../../arm-none-eabi/lib/thumb/v7-m/libc.a(lib_a-lock.o)
__lock___tz_mutex   0x1               /usr/bin/../lib/gcc/arm-none-eabi/7.3.1/../../../../arm-none-eabi/lib/thumb/v7-m/libc.a(lib_a-lock.o)
__lock___sfp_recursive_mutex
                    0x1               /usr/bin/../lib/gcc/arm-none-eabi/7.3.1/../../../../arm-none-eabi/lib/thumb/v7-m/libc.a(lib_a-lock.o)

Discarded input sections

[...]
Memory Configuration

Name             Origin             Length             Attributes
rom              0x0000000000000000 0x0000000000080000 xr
ram              0x0000000020000000 0x0000000000018000 xrw
nul              0x0000000020018000 0x0000000000000000 xrw
*default*        0x0000000000000000 0xffffffffffffffff

Linker script and memory map

LOAD /usr/bin/../lib/gcc/arm-none-eabi/7.3.1/thumb/v7-m/libgcc.a
LOAD switch_to.o
LOAD coroutine.o
LOAD rtos.o
LOAD hwlib.o
LOAD main.o
LOAD bmptk_cortex.o
LOAD bmptk_fixed_size_stack.o
LOAD /usr/bin/../lib/gcc/arm-none-eabi/7.3.1/../../../../arm-none-eabi/lib/thumb/v7-m/libm.a
LOAD /usr/bin/../lib/gcc/arm-none-eabi/7.3.1/thumb/v7-m/libgcc.a
LOAD /usr/bin/../lib/gcc/arm-none-eabi/7.3.1/../../../../arm-none-eabi/lib/thumb/v7-m/libc.a
                0x0000000000000000                __rom_start = ORIGIN (rom)
                0x0000000000080000                __rom_size = LENGTH (rom)
                0x0000000000080000                __rom_end = (__rom_start + __rom_size)
                0x0000000020000000                __ram_start = ORIGIN (ram)
                0x0000000000018000                __ram_size = LENGTH (ram)
                0x0000000020018000                __ram_end = (__ram_start + __ram_size)
                [!provide]                        PROVIDE (__rom_start = __rom_start)
                [!provide]                        PROVIDE (__rom_size = __rom_size)
                [!provide]                        PROVIDE (__rom_end = __rom_end)
                [!provide]                        PROVIDE (__ram_start = __ram_start)
                [!provide]                        PROVIDE (__ram_size = __ram_size)
                [!provide]                        PROVIDE (__ram_end = __ram_end)

.text           0x0000000000000000     0x2670
                0x0000000000000000                . = ALIGN (0x4)
                0x0000000000000000                __text_start = .
                [!provide]                        PROVIDE (__text_start = __text_start)
                0x0000000000000000                . = ALIGN (0x4)
 *(.vectors)
 .vectors       0x0000000000000000       0x20 bmptk_cortex.o
                0x0000000000000000                __vectors
                0x0000000000000020                . = ALIGN (0x4)
 *(.text .text.* .gnu.linkonce.t.*)
 .text          0x0000000000000020       0x24 switch_to.o
                0x0000000000000020                switch_from_to
 .text._ZN6sam3xa10SystemInitEv
                0x0000000000000044       0x7c coroutine.o
                0x0000000000000044                sam3xa::SystemInit()
 .text._ZN3due8pin_infoENS_4pinsE
                0x00000000000000c0       0x20 coroutine.o
                0x00000000000000c0                due::pin_info(due::pins)
 .text._ZN3due14port_registersEm
                0x00000000000000e0       0x54 coroutine.o
                0x00000000000000e0                due::port_registers(unsigned long)
 .text._ZN3due12ticks_per_usEv
                0x0000000000000134        0x6 coroutine.o
                0x0000000000000134                due::ticks_per_us()
 *fill*         0x000000000000013a        0x2 
 .text._ZN3due9now_ticksEv
                0x000000000000013c       0x80 coroutine.o
                0x000000000000013c                due::now_ticks()
 .text._ZN5hwlib9uart_putcEc
                0x00000000000001bc        0x4 coroutine.o
                0x00000000000001bc                hwlib::uart_putc(char)
 .text._ZN5hwlib7ostream7reverse10add_prefixERKS0_.part.2
                0x00000000000001c0       0x4c rtos.o
 .text._ZN5hwlib7ostreamlsEc
                0x000000000000020c        0xe rtos.o
                0x000000000000020c                hwlib::ostream::operator<<(char)
 .text._ZN5hwliblsERNS_7ostreamEPKc
                0x000000000000021a       0x66 rtos.o
                0x000000000000021a                hwlib::operator<<(hwlib::ostream&, char const*)
 .text._ZN5hwliblsERNS_7ostreamEi
                0x0000000000000280       0x92 rtos.o
                0x0000000000000280                hwlib::operator<<(hwlib::ostream&, int)
 *fill*         0x0000000000000312        0x2 
 .text._ZN4rtos9task_base7releaseEv
                0x0000000000000314       0x24 rtos.o
                0x0000000000000314                rtos::task_base::release()
 .text._ZN4rtos9task_base5blockEv
                0x0000000000000338       0x70 rtos.o
                0x0000000000000338                rtos::task_base::block()
 .text._ZN4rtos12waitable_set4waitEj
                0x00000000000003a8       0x64 rtos.o
                0x00000000000003a8                rtos::waitable_set::wait(unsigned int)
 .text._ZN5hwlib7wait_usEi
                0x000000000000040c       0x3c rtos.o
                0x000000000000040c                hwlib::wait_us(int)
 .text._ZN5hwlib7wait_msEi
                0x0000000000000448       0x16 rtos.o
                0x0000000000000448                hwlib::wait_ms(int)
 .text._ZN5hwlib20cout_using_uart_putc5flushEv
                0x000000000000045e        0x2 hwlib.o
                0x000000000000045e                hwlib::cout_using_uart_putc::flush()
 .text._ZN5hwlib6window20clear_implementationENS_5colorE
                0x0000000000000460       0x72 hwlib.o
                0x0000000000000460                hwlib::window::clear_implementation(hwlib::color)
 .text._ZN5hwlib6window5clearENS_5colorE
                0x00000000000004d2       0x56 hwlib.o
                0x00000000000004d2                hwlib::window::clear(hwlib::color)
 .text._ZN5hwlib5panicEPKcj
                0x0000000000000528        0x2 hwlib.o
                0x0000000000000528                hwlib::panic(char const*, unsigned int)
 *fill*         0x000000000000052a        0x2 
 .text._ZN5hwlib10background18do_background_workEv
                0x000000000000052c       0x3c hwlib.o
                0x000000000000052c                hwlib::background::do_background_work()
 .text._ZN5hwlib6window5writeENS_2xyENS_5colorE
                0x0000000000000568       0x5c hwlib.o
                0x0000000000000568                hwlib::window::write(hwlib::xy, hwlib::color)
 .text._ZN5hwlib4line4drawERNS_6windowE
                0x00000000000005c4       0xa2 hwlib.o
                0x00000000000005c4                hwlib::line::draw(hwlib::window&)
 *fill*         0x0000000000000666        0x2 
 .text._ZN3due9uart_initEv
                0x0000000000000668       0x60 hwlib.o
                0x0000000000000668                due::uart_init()
 .text._ZN3due9uart_putcEc
                0x00000000000006c8       0x20 hwlib.o
                0x00000000000006c8                due::uart_putc(char)
 .text._ZN5hwlib20cout_using_uart_putc4putcEc
                0x00000000000006e8        0xa hwlib.o
                0x00000000000006e8                hwlib::cout_using_uart_putc::putc(char)
 .text._ZN5hwlib6now_usEv
                0x00000000000006f2       0x1c hwlib.o
                0x00000000000006f2                hwlib::now_us()
 .text._ZN5hwlib12wait_us_busyEi
                0x000000000000070e       0x1c hwlib.o
                0x000000000000070e                hwlib::wait_us_busy(int)
 .text._ZN5hwlib14i2c_primitives8read_ackEv
                0x000000000000072a       0x10 main.o
                0x000000000000072a                hwlib::i2c_primitives::read_ack()
 .text._ZN5hwlib14i2c_primitives9write_ackEv
                0x000000000000073a        0x8 main.o
                0x000000000000073a                hwlib::i2c_primitives::write_ack()
 .text._ZN5hwlib14i2c_primitives10write_nackEv
                0x0000000000000742        0x8 main.o
                0x0000000000000742                hwlib::i2c_primitives::write_nack()
 .text._ZN5hwlib14i2c_primitives5writeEh
                0x000000000000074a       0x1c main.o
                0x000000000000074a                hwlib::i2c_primitives::write(unsigned char)
 .text._ZN5hwlib14i2c_primitives5writeEPKhj
                0x0000000000000766       0x24 main.o
                0x0000000000000766                hwlib::i2c_primitives::write(unsigned char const*, unsigned int)
 .text._ZN5hwlib14i2c_primitives9read_byteEv
                0x000000000000078a       0x20 main.o
                0x000000000000078a                hwlib::i2c_primitives::read_byte()
 .text._ZN5hwlib14i2c_primitives4readEbPhj
                0x00000000000007aa       0x36 main.o
                0x00000000000007aa                hwlib::i2c_primitives::read(bool, unsigned char*, unsigned int)
 .text._ZN5hwlib29glcd_oled_i2c_128x64_buffered20write_implementationENS_2xyENS_5colorE
                0x00000000000007e0       0x64 main.o
                0x00000000000007e0                hwlib::glcd_oled_i2c_128x64_buffered::write_implementation(hwlib::xy, hwlib::color)
 .text._ZN3due6pin_oc4readEv
                0x0000000000000844       0x10 main.o
                0x0000000000000844                due::pin_oc::read()
 .text._ZN3due6pin_oc5writeEb
                0x0000000000000854       0x10 main.o
                0x0000000000000854                due::pin_oc::write(bool)
 .text._ZN3due6pin_oc5flushEv
                0x0000000000000864        0x2 main.o
                0x0000000000000864                due::pin_oc::flush()
 .text._ZN3due6pin_oc7refreshEv
                0x0000000000000866        0x2 main.o
                0x0000000000000866                due::pin_oc::refresh()
 .text._ZN5hwlib26i2c_bus_bit_banged_scl_sda16wait_half_periodEv.isra.7
                0x0000000000000868        0x6 main.o
 .text._ZN5hwlib26i2c_bus_bit_banged_scl_sda10write_stopEv
                0x000000000000086e       0x60 main.o
                0x000000000000086e                hwlib::i2c_bus_bit_banged_scl_sda::write_stop()
 .text._ZN5hwlib26i2c_bus_bit_banged_scl_sda11write_startEv
                0x00000000000008ce       0x34 main.o
                0x00000000000008ce                hwlib::i2c_bus_bit_banged_scl_sda::write_start()
 .text._ZN5hwlib26i2c_bus_bit_banged_scl_sda8read_bitEv
                0x0000000000000902       0x68 main.o
                0x0000000000000902                hwlib::i2c_bus_bit_banged_scl_sda::read_bit()
 .text._ZN5hwlib26i2c_bus_bit_banged_scl_sda9write_bitEb
                0x000000000000096a       0x52 main.o
                0x000000000000096a                hwlib::i2c_bus_bit_banged_scl_sda::write_bit(bool)
 .text._ZN5hwlib21i2c_write_transactionC2ERNS_14i2c_primitivesEj
                0x00000000000009bc       0x24 main.o
                0x00000000000009bc                hwlib::i2c_write_transaction::i2c_write_transaction(hwlib::i2c_primitives&, unsigned int)
                0x00000000000009bc                hwlib::i2c_write_transaction::i2c_write_transaction(hwlib::i2c_primitives&, unsigned int)
 .text._ZN5hwlib21i2c_write_transaction5writeEPKhj
                0x00000000000009e0        0x8 main.o
                0x00000000000009e0                hwlib::i2c_write_transaction::write(unsigned char const*, unsigned int)
 .text._ZN5hwlib21i2c_write_transactionD2Ev
                0x00000000000009e8       0x18 main.o
                0x00000000000009e8                hwlib::i2c_write_transaction::~i2c_write_transaction()
                0x00000000000009e8                hwlib::i2c_write_transaction::~i2c_write_transaction()
 .text._ZN5hwlib11ssd1306_i2c7commandENS_16ssd1306_commandsEhh
                0x0000000000000a00       0x3c main.o
                0x0000000000000a00                hwlib::ssd1306_i2c::command(hwlib::ssd1306_commands, unsigned char, unsigned char)
 .text._ZN5hwlib29glcd_oled_i2c_128x64_buffered5flushEv
                0x0000000000000a3c       0x58 main.o
                0x0000000000000a3c                hwlib::glcd_oled_i2c_128x64_buffered::flush()
 .text._ZN3due6pin_ocC2ENS_4pinsE
                0x0000000000000a94       0x34 main.o
                0x0000000000000a94                due::pin_oc::pin_oc(due::pins)
                0x0000000000000a94                due::pin_oc::pin_oc(due::pins)
 .text.startup.main
                0x0000000000000ac8      0x26c main.o
                0x0000000000000ac8                main
 .text.__startup
                0x0000000000000d34       0x48 bmptk_cortex.o
                0x0000000000000d34                __startup
 .text          0x0000000000000d7c      0x378 /usr/bin/../lib/gcc/arm-none-eabi/7.3.1/thumb/v7-m/libgcc.a(_arm_addsubdf3.o)
                0x0000000000000d7c                __aeabi_drsub
                0x0000000000000d84                __aeabi_dsub
                0x0000000000000d84                __subdf3
                0x0000000000000d88                __adddf3
                0x0000000000000d88                __aeabi_dadd
                0x0000000000001000                __aeabi_ui2d
                0x0000000000001000                __floatunsidf
                0x0000000000001020                __floatsidf
                0x0000000000001020                __aeabi_i2d
                0x0000000000001044                __extendsfdf2
                0x0000000000001044                __aeabi_f2d
                0x0000000000001088                __aeabi_ul2d
                0x0000000000001088                __floatundidf
                0x0000000000001098                __floatdidf
                0x0000000000001098                __aeabi_l2d
 .text          0x00000000000010f4      0x424 /usr/bin/../lib/gcc/arm-none-eabi/7.3.1/thumb/v7-m/libgcc.a(_arm_muldivdf3.o)
                0x00000000000010f4                __aeabi_dmul
                0x00000000000010f4                __muldf3
                0x0000000000001348                __aeabi_ddiv
                0x0000000000001348                __divdf3
 .text          0x0000000000001518       0x50 /usr/bin/../lib/gcc/arm-none-eabi/7.3.1/thumb/v7-m/libgcc.a(_arm_fixdfsi.o)
                0x0000000000001518                __fixdfsi
                0x0000000000001518                __aeabi_d2iz
 .text          0x0000000000001568       0x30 /usr/bin/../lib/gcc/arm-none-eabi/7.3.1/thumb/v7-m/libgcc.a(_aeabi_uldivmod.o)
                0x0000000000001568                __aeabi_uldivmod
 .text          0x0000000000001598      0x2d0 /usr/bin/../lib/gcc/arm-none-eabi/7.3.1/thumb/v7-m/libgcc.a(_udivmoddi4.o)
                0x0000000000001598                __udivmoddi4
 .text          0x0000000000001868        0x4 /usr/bin/../lib/gcc/arm-none-eabi/7.3.1/thumb/v7-m/libgcc.a(_dvmd_tls.o)
                0x0000000000001868                __aeabi_ldiv0
 .text          0x000000000000186c       0xec /usr/bin/../lib/gcc/arm-none-eabi/7.3.1/../../../../arm-none-eabi/lib/thumb/v7-m/libc.a(lib_a-memcpy.o)
                0x000000000000186c                memcpy
                0x0000000000001958                . = ALIGN (0x4)
 *(.glue_7t .glue_7)
 .glue_7        0x0000000000001958        0x0 linker stubs
 .glue_7t       0x0000000000001958        0x0 linker stubs
                0x0000000000001958                . = ALIGN (0x4)
 *(.rodata .rodata.* .gnu.linkonce.r.*)
 .rodata._ZN3due8pin_infoENS_4pinsE.str1.1
                0x0000000000001958       0x33 coroutine.o
 .rodata._ZZN3due8pin_infoENS_4pinsEE14pin_info_array
                0x000000000000198b       0xa4 coroutine.o
 .rodata._ZN4rtos9task_base5blockEv.str1.1
                0x0000000000001a2f       0x4b rtos.o
 *fill*         0x0000000000001a7a        0x2 
 .rodata._ZTVN5hwlib20cout_using_uart_putcE
                0x0000000000001a7c       0x10 hwlib.o
                0x0000000000001a7c                vtable for hwlib::cout_using_uart_putc
 .rodata._ZTVN5hwlib4lineE
                0x0000000000001a8c        0xc hwlib.o
                0x0000000000001a8c                vtable for hwlib::line
 .rodata._ZTVN5hwlib26i2c_bus_bit_banged_scl_sdaE
                0x0000000000001a98       0x34 main.o
                0x0000000000001a98                vtable for hwlib::i2c_bus_bit_banged_scl_sda
 .rodata._ZTVN5hwlib29glcd_oled_i2c_128x64_bufferedE
                0x0000000000001acc       0x18 main.o
                0x0000000000001acc                vtable for hwlib::glcd_oled_i2c_128x64_buffered
 .rodata._ZTVN3due6pin_ocE
                0x0000000000001ae4       0x18 main.o
                0x0000000000001ae4                vtable for due::pin_oc
 .rodata        0x0000000000001afc      0xb40 main.o
 .rodata._ZN5hwlibL11unspecifiedE
                0x000000000000263c        0x4 main.o
 .rodata._ZN5hwlibL22ssd1306_initializationE
                0x0000000000002640       0x29 main.o
 .rodata.main.str1.1
                0x0000000000002669        0x4 main.o
                0x0000000000002670                . = ALIGN (0x4)
 *fill*         0x000000000000266d        0x3 
 *(.ARM.extab* .gnu.linkonce.armextab.*)
                0x0000000000002670                . = ALIGN (0x4)
 *(.gcc_except_table)
                0x0000000000002670                . = ALIGN (0x4)
 *(.eh_frame_hdr)
                0x0000000000002670                . = ALIGN (0x4)
 *(.eh_frame)
                0x0000000000002670                . = ALIGN (0x4)
                0x0000000000002670                __text_end = .
                [!provide]                        PROVIDE (__text_end = __text_end)

.vfp11_veneer   0x0000000000002670        0x0
 .vfp11_veneer  0x0000000000002670        0x0 linker stubs

.v4_bx          0x0000000000002670        0x0
 .v4_bx         0x0000000000002670        0x0 linker stubs

.iplt           0x0000000000002670        0x0
 .iplt          0x0000000000002670        0x0 coroutine.o

.IF_YOU_SEE_THIS_YOU_HAVE_ONE_OR_MORE_GLOBAL_OBJECT_CONSTRUCTORS
 *(.init)
 *(.preinit_array)
 *(SORT_BY_NAME(.init_array.*))
 *(.init_array)
                0x0000000000002670                . = ALIGN (0x4)
                0x0000000000002670                __exidx_start = .
                [!provide]                        PROVIDE (__exidx_start = __exidx_start)

.ARM.exidx      0x0000000000002670        0x8
 *(.ARM.exidx* .gnu.linkonce.armexidx.*)
 .ARM.exidx     0x0000000000002670        0x8 /usr/bin/../lib/gcc/arm-none-eabi/7.3.1/thumb/v7-m/libgcc.a(_udivmoddi4.o)

.rel.dyn        0x0000000000002678        0x0
 .rel.iplt      0x0000000000002678        0x0 coroutine.o
                0x0000000000002678                . = ALIGN (0x4)
                0x0000000000002678                __exidx_end = .
                [!provide]                        PROVIDE (__exidx_end = __exidx_end)

.bss            0x0000000020000000    0x14030
                0x0000000020000000                . = ALIGN (0x4)
                0x0000000020000000                __stack_start = .
                [!provide]                        PROVIDE (__stack_start = __stack_start)
                0x0000000020000000                . = ALIGN (0x4)
 *(.bmptk_stack)
 .bmptk_stack   0x0000000020000000    0x14000 bmptk_fixed_size_stack.o
                0x0000000020000000                bmptk_stack
                0x0000000020014000                . = ALIGN (0x8)
                0x0000000020014000                __main_stack_end = .
                [!provide]                        PROVIDE (__main_stack_end = __main_stack_end)
                0x0000000020014000                . = ALIGN (0x4)
                0x0000000020014000                __stack_end = .
                [!provide]                        PROVIDE (__stack_end = __stack_end)
                0x0000000020014000                . = ALIGN (0x4)
                0x0000000020014000                __bss_start = .
                [!provide]                        PROVIDE (__bss_start = __bss_start)
                0x0000000020014000                . = ALIGN (0x4)
 *(.bss .bss.* .gnu.linkonce.b.*)
 .bss._ZN17coroutine_context7main_spE
                0x0000000020014000        0x4 coroutine.o
                0x0000000020014000                coroutine_context::main_sp
 *fill*         0x0000000020014004        0x4 
 .bss._ZZN3due9now_ticksEvE4high
                0x0000000020014008        0x8 coroutine.o
 .bss._ZZN3due9now_ticksEvE8last_low
                0x0000000020014010        0x4 coroutine.o
 .bss._ZZN3due9now_ticksEvE9init_done
                0x0000000020014014        0x1 coroutine.o
 *fill*         0x0000000020014015        0x3 
 .bss._ZN4rtos17rtos_current_taskE
                0x0000000020014018        0x4 rtos.o
                0x0000000020014018                rtos::rtos_current_task
 .bss._ZN4rtos17scheduler_runningE
                0x000000002001401c        0x1 rtos.o
                0x000000002001401c                rtos::scheduler_running
 *fill*         0x000000002001401d        0x3 
 .bss._ZN4rtos5flagsE
                0x0000000020014020        0x4 rtos.o
                0x0000000020014020                rtos::flags
 .bss._ZN5hwlib10background5firstE
                0x0000000020014024        0x4 hwlib.o
                0x0000000020014024                hwlib::background::first
 .bss._ZN5hwlib10background7currentE
                0x0000000020014028        0x4 hwlib.o
                0x0000000020014028                hwlib::background::current
 .bss._ZN5hwlib10background7runningE
                0x000000002001402c        0x1 hwlib.o
                0x000000002001402c                hwlib::background::running
 .bss._ZZN3due9uart_initEvE9init_done
                0x000000002001402d        0x1 hwlib.o
                0x0000000020014030                . = ALIGN (0x4)
 *fill*         0x000000002001402e        0x2 
 *(COMMON)
                0x0000000020014030                . = ALIGN (0x4)
                0x0000000020014030                __bss_end = .
                [!provide]                        PROVIDE (__bss_end = __bss_end)

.data           0x0000000020014030       0x20 load address 0x0000000000002678
                0x0000000020014030                . = ALIGN (0x4)
                0x0000000000002678                __data_init_start = LOADADDR (.data)
                [!provide]                        PROVIDE (__data_init_start = __data_init_start)
                0x0000000020014030                __data_start = .
                [!provide]                        PROVIDE (__data_start = __data_start)
                0x0000000020014030                . = ALIGN (0x4)
 *(.data .data.* .gnu.linkonce.d.*)
 .data._ZN17coroutine_context24current_coroutine_sp_ptrE
                0x0000000020014030        0x4 coroutine.o
                0x0000000020014030                coroutine_context::current_coroutine_sp_ptr
 .data._ZN6sam3xa15SystemCoreClockE
                0x0000000020014034        0x4 coroutine.o
                0x0000000020014034                sam3xa::SystemCoreClock
 .data._ZN3due7hw_uartE
                0x0000000020014038        0x4 hwlib.o
                0x0000000020014038                due::hw_uart
 .data._ZN5hwlib4coutE
                0x000000002001403c       0x14 hwlib.o
                0x000000002001403c                hwlib::cout
                0x0000000020014050                . = ALIGN (0x4)
                0x0000000020014050                __data_end = .
                [!provide]                        PROVIDE (__data_end = __data_end)
                0x0000000000002678                __data_init_end = LOADADDR (.data)
                [!provide]                        PROVIDE (__data_init_end = __data_init_end)
                [!provide]                        PROVIDE (__data_size = (__data_end - __data_start))
                [!provide]                        PROVIDE (__data_init_size = __data_size)
                [!provide]                        PROVIDE (__data_init_end = (__data_init_start + __data_init_size))

.igot.plt       0x0000000020014050        0x0 load address 0x0000000000002698
 .igot.plt      0x0000000020014050        0x0 coroutine.o
                0x0000000020014050                . = ALIGN (0x4)
                0x0000000020014050                __heap_start = .
                [!provide]                        PROVIDE (__heap_start = __heap_start)
                0x0000000020014050                . = ALIGN (0x4)
                0x0000000020018000                __heap_end = __ram_end
                [!provide]                        PROVIDE (__heap_end = __heap_end)

.stab
 *(.stab)

.stabstr
 *(.stabstr)

.debug
 *(.debug)

.line
 *(.line)

.debug_srcinfo
 *(.debug_srcinfo)

.debug_sfnames
 *(.debug_sfnames)

.debug_aranges
 *(.debug_aranges)

.debug_pubnames
 *(.debug_pubnames)

.debug_info
 *(.debug_info .gnu.linkonce.wi.*)

.debug_abbrev
 *(.debug_abbrev)

.debug_line
 *(.debug_line)

.debug_frame    0x0000000000000000      0x180
 *(.debug_frame)
 .debug_frame   0x0000000000000000       0xac /usr/bin/../lib/gcc/arm-none-eabi/7.3.1/thumb/v7-m/libgcc.a(_arm_addsubdf3.o)
 .debug_frame   0x00000000000000ac       0x50 /usr/bin/../lib/gcc/arm-none-eabi/7.3.1/thumb/v7-m/libgcc.a(_arm_muldivdf3.o)
 .debug_frame   0x00000000000000fc       0x24 /usr/bin/../lib/gcc/arm-none-eabi/7.3.1/thumb/v7-m/libgcc.a(_arm_fixdfsi.o)
 .debug_frame   0x0000000000000120       0x2c /usr/bin/../lib/gcc/arm-none-eabi/7.3.1/thumb/v7-m/libgcc.a(_aeabi_uldivmod.o)
 .debug_frame   0x000000000000014c       0x34 /usr/bin/../lib/gcc/arm-none-eabi/7.3.1/thumb/v7-m/libgcc.a(_udivmoddi4.o)

.comment        0x0000000000000000       0x7f
 .comment       0x0000000000000000       0x7f coroutine.o
                                         0x80 (size before relaxing)
 .comment       0x000000000000007f       0x80 rtos.o
 .comment       0x000000000000007f       0x80 hwlib.o
 .comment       0x000000000000007f       0x80 main.o
 .comment       0x000000000000007f       0x80 bmptk_cortex.o
 .comment       0x000000000000007f       0x80 bmptk_fixed_size_stack.o

.debug_str
 *(.debug_str)

.debug_loc
 *(.debug_loc)

.debug_macinfo
 *(.debug_macinfo)

.debug_weaknames
 *(.debug_weaknames)

.debug_funcnames
 *(.debug_funcnames)

.debug_typenames
 *(.debug_typenames)

.debug_varnames
 *(.debug_varnames)

.note.gnu.arm.ident
 *(.note.gnu.arm.ident)

.ARM.attributes
                0x0000000000000000       0x2f
 *(.ARM.attributes)
 .ARM.attributes
                0x0000000000000000       0x21 switch_to.o
 .ARM.attributes
                0x0000000000000021       0x33 coroutine.o
 .ARM.attributes
                0x0000000000000054       0x33 rtos.o
 .ARM.attributes
                0x0000000000000087       0x33 hwlib.o
 .ARM.attributes
                0x00000000000000ba       0x33 main.o
 .ARM.attributes
                0x00000000000000ed       0x33 bmptk_cortex.o
 .ARM.attributes
                0x0000000000000120       0x33 bmptk_fixed_size_stack.o
 .ARM.attributes
                0x0000000000000153       0x1d /usr/bin/../lib/gcc/arm-none-eabi/7.3.1/thumb/v7-m/libgcc.a(_arm_addsubdf3.o)
 .ARM.attributes
                0x0000000000000170       0x1d /usr/bin/../lib/gcc/arm-none-eabi/7.3.1/thumb/v7-m/libgcc.a(_arm_muldivdf3.o)
 .ARM.attributes
                0x000000000000018d       0x1d /usr/bin/../lib/gcc/arm-none-eabi/7.3.1/thumb/v7-m/libgcc.a(_arm_fixdfsi.o)
 .ARM.attributes
                0x00000000000001aa       0x1d /usr/bin/../lib/gcc/arm-none-eabi/7.3.1/thumb/v7-m/libgcc.a(_aeabi_ldivmod.o)
 .ARM.attributes
                0x00000000000001c7       0x1d /usr/bin/../lib/gcc/arm-none-eabi/7.3.1/thumb/v7-m/libgcc.a(_aeabi_uldivmod.o)
 .ARM.attributes
                0x00000000000001e4       0x2d /usr/bin/../lib/gcc/arm-none-eabi/7.3.1/thumb/v7-m/libgcc.a(_udivmoddi4.o)
 .ARM.attributes
                0x0000000000000211       0x1d /usr/bin/../lib/gcc/arm-none-eabi/7.3.1/thumb/v7-m/libgcc.a(_dvmd_tls.o)
 .ARM.attributes
                0x000000000000022e       0x2d /usr/bin/../lib/gcc/arm-none-eabi/7.3.1/../../../../arm-none-eabi/lib/thumb/v7-m/libc.a(lib_a-malloc.o)
 .ARM.attributes
                0x000000000000025b       0x2d /usr/bin/../lib/gcc/arm-none-eabi/7.3.1/../../../../arm-none-eabi/lib/thumb/v7-m/libc.a(lib_a-mallocr.o)
 .ARM.attributes
                0x0000000000000288       0x1b /usr/bin/../lib/gcc/arm-none-eabi/7.3.1/../../../../arm-none-eabi/lib/thumb/v7-m/libc.a(lib_a-memcpy.o)
 .ARM.attributes
                0x00000000000002a3       0x2d /usr/bin/../lib/gcc/arm-none-eabi/7.3.1/../../../../arm-none-eabi/lib/thumb/v7-m/libc.a(lib_a-mlock.o)
 .ARM.attributes
                0x00000000000002d0       0x2d /usr/bin/../lib/gcc/arm-none-eabi/7.3.1/../../../../arm-none-eabi/lib/thumb/v7-m/libc.a(lib_a-sbrkr.o)
 .ARM.attributes
                0x00000000000002fd       0x2d /usr/bin/../lib/gcc/arm-none-eabi/7.3.1/../../../../arm-none-eabi/lib/thumb/v7-m/libc.a(lib_a-freer.o)
 .ARM.attributes
                0x000000000000032a       0x2d /usr/bin/../lib/gcc/arm-none-eabi/7.3.1/../../../../arm-none-eabi/lib/thumb/v7-m/libc.a(lib_a-impure.o)
 .ARM.attributes
                0x0000000000000357       0x2d /usr/bin/../lib/gcc/arm-none-eabi/7.3.1/../../../../arm-none-eabi/lib/thumb/v7-m/libc.a(lib_a-lock.o)
 .ARM.attributes
                0x0000000000000384       0x2d /usr/bin/../lib/gcc/arm-none-eabi/7.3.1/../../../../arm-none-eabi/lib/thumb/v7-m/libc.a(lib_a-reent.o)

/DISCARD/
 *(.note.GNU-stack)
                [!provide]                        PROVIDE (__text_size = (__text_end - __text_start))
                [!provide]                        PROVIDE (__exidx_size = (__exidx_end - __exidx_start))
                [!provide]                        PROVIDE (__bss_size = (__bss_end - __bss_start))
                [!provide]                        PROVIDE (__stack_size = (__stack_end - __stack_start))
                [!provide]                        PROVIDE (__heap_size = (__heap_end - __heap_start))
OUTPUT(main.elf elf32-littlearm)
